// Jest Snapshot v1, https://goo.gl/fbAQLP

exports[`MovingChecklist tests should render moving checklist section 1`] = `
ShallowWrapper {
  Symbol(enzyme.__root__): [Circular],
  Symbol(enzyme.__unrendered__): <MovingChecklist />,
  Symbol(enzyme.__renderer__): Object {
    "batchedUpdates": [Function],
    "checkPropTypes": [Function],
    "getNode": [Function],
    "render": [Function],
    "simulateError": [Function],
    "simulateEvent": [Function],
    "unmount": [Function],
  },
  Symbol(enzyme.__node__): Object {
    "instance": null,
    "key": undefined,
    "nodeType": "host",
    "props": Object {
      "children": Array [
        <article
          className="checklist-section__card checklist-section__card_orange"
        >
          <img
            alt=""
            src="moving-checklist-house.png"
          />
          <h2
            className="checklist-section__header checklist-section__header_orange"
          >
            Moving from your old home
          </h2>
          <p
            className="checklist-section__card_preview"
          >
            Most people agree - moving house is a real headache! To make things easier, we've put together a mover's checklist so you can tick your moving jobs off as you go.
          </p>
          <AnimateHeight
            animateOpacity={false}
            animationStateClasses={
              Object {
                "animating": "rah-animating",
                "animatingDown": "rah-animating--down",
                "animatingToHeightAuto": "rah-animating--to-height-auto",
                "animatingToHeightSpecific": "rah-animating--to-height-specific",
                "animatingToHeightZero": "rah-animating--to-height-zero",
                "animatingUp": "rah-animating--up",
                "static": "rah-static",
                "staticHeightAuto": "rah-static--height-auto",
                "staticHeightSpecific": "rah-static--height-specific",
                "staticHeightZero": "rah-static--height-zero",
              }
            }
            applyInlineTransitions={true}
            delay={0}
            duration={500}
            easing="ease"
            height={0}
            style={Object {}}
          >
            <div
              className="checklist-section__card__content"
            >
              data
            </div>
          </AnimateHeight>
          <div
            className="checklist-section__card__footer"
            onClick={[Function]}
          >
            <span>
              Show more
            </span>
            <div
              className="circle circle_orange"
            >
              <Arrow
                rotate={false}
              />
            </div>
          </div>
        </article>,
        <article
          className="checklist-section__card checklist-section__card_green"
        >
          <img
            alt=""
            src="moving-checklist.png"
          />
          <h2
            className="checklist-section__header checklist-section__header_green"
          >
            At your new home
          </h2>
          <p
            className="checklist-section__card_preview"
          >
            Check these points off you list at your new place
          </p>
          <AnimateHeight
            animateOpacity={false}
            animationStateClasses={
              Object {
                "animating": "rah-animating",
                "animatingDown": "rah-animating--down",
                "animatingToHeightAuto": "rah-animating--to-height-auto",
                "animatingToHeightSpecific": "rah-animating--to-height-specific",
                "animatingToHeightZero": "rah-animating--to-height-zero",
                "animatingUp": "rah-animating--up",
                "static": "rah-static",
                "staticHeightAuto": "rah-static--height-auto",
                "staticHeightSpecific": "rah-static--height-specific",
                "staticHeightZero": "rah-static--height-zero",
              }
            }
            applyInlineTransitions={true}
            delay={0}
            duration={500}
            easing="ease"
            height={0}
            style={Object {}}
          >
            <div
              className="checklist-section__card__content"
            >
              <div
                className="checkpoint"
              >
                <Arrow
                  rotate={false}
                />
                <p
                  className="checkpoint__desc"
                >
                  if you're renting,complete the property's condition report-it's a good idea to take photos and email then to your landloard or property manger
                </p>
              </div>
              <div
                className="checkpoint"
              >
                <Arrow
                  rotate={false}
                />
                <p
                  className="checkpoint__desc"
                >
                  make sure all your utilities are connected(including your belong broadband) and the hot water service is on
                </p>
              </div>
              <div
                className="checkpoint"
              >
                <Arrow
                  rotate={false}
                />
                <p
                  className="checkpoint__desc"
                >
                  if you're moving some of your possessions out of storage interstate or overseas,check your inventory-contact the moving company innediately if anything is missing
                </p>
              </div>
            </div>
          </AnimateHeight>
          <div
            className="checklist-section__card__footer"
            onClick={[Function]}
          >
            <span>
              Show more
            </span>
            <div
              className="circle circle_green"
            >
              <Arrow
                rotate={false}
              />
            </div>
          </div>
        </article>,
      ],
      "className": "checklist-section",
    },
    "ref": null,
    "rendered": Array [
      Object {
        "instance": null,
        "key": undefined,
        "nodeType": "host",
        "props": Object {
          "children": Array [
            <img
              alt=""
              src="moving-checklist-house.png"
            />,
            <h2
              className="checklist-section__header checklist-section__header_orange"
            >
              Moving from your old home
            </h2>,
            <p
              className="checklist-section__card_preview"
            >
              Most people agree - moving house is a real headache! To make things easier, we've put together a mover's checklist so you can tick your moving jobs off as you go.
            </p>,
            <AnimateHeight
              animateOpacity={false}
              animationStateClasses={
                Object {
                  "animating": "rah-animating",
                  "animatingDown": "rah-animating--down",
                  "animatingToHeightAuto": "rah-animating--to-height-auto",
                  "animatingToHeightSpecific": "rah-animating--to-height-specific",
                  "animatingToHeightZero": "rah-animating--to-height-zero",
                  "animatingUp": "rah-animating--up",
                  "static": "rah-static",
                  "staticHeightAuto": "rah-static--height-auto",
                  "staticHeightSpecific": "rah-static--height-specific",
                  "staticHeightZero": "rah-static--height-zero",
                }
              }
              applyInlineTransitions={true}
              delay={0}
              duration={500}
              easing="ease"
              height={0}
              style={Object {}}
            >
              <div
                className="checklist-section__card__content"
              >
                data
              </div>
            </AnimateHeight>,
            <div
              className="checklist-section__card__footer"
              onClick={[Function]}
            >
              <span>
                Show more
              </span>
              <div
                className="circle circle_orange"
              >
                <Arrow
                  rotate={false}
                />
              </div>
            </div>,
          ],
          "className": "checklist-section__card checklist-section__card_orange",
        },
        "ref": null,
        "rendered": Array [
          Object {
            "instance": null,
            "key": undefined,
            "nodeType": "host",
            "props": Object {
              "alt": "",
              "src": "moving-checklist-house.png",
            },
            "ref": null,
            "rendered": null,
            "type": "img",
          },
          Object {
            "instance": null,
            "key": undefined,
            "nodeType": "host",
            "props": Object {
              "children": "Moving from your old home",
              "className": "checklist-section__header checklist-section__header_orange",
            },
            "ref": null,
            "rendered": "Moving from your old home",
            "type": "h2",
          },
          Object {
            "instance": null,
            "key": undefined,
            "nodeType": "host",
            "props": Object {
              "children": "Most people agree - moving house is a real headache! To make things easier, we've put together a mover's checklist so you can tick your moving jobs off as you go.",
              "className": "checklist-section__card_preview",
            },
            "ref": null,
            "rendered": "Most people agree - moving house is a real headache! To make things easier, we've put together a mover's checklist so you can tick your moving jobs off as you go.",
            "type": "p",
          },
          Object {
            "instance": null,
            "key": undefined,
            "nodeType": "class",
            "props": Object {
              "animateOpacity": false,
              "animationStateClasses": Object {
                "animating": "rah-animating",
                "animatingDown": "rah-animating--down",
                "animatingToHeightAuto": "rah-animating--to-height-auto",
                "animatingToHeightSpecific": "rah-animating--to-height-specific",
                "animatingToHeightZero": "rah-animating--to-height-zero",
                "animatingUp": "rah-animating--up",
                "static": "rah-static",
                "staticHeightAuto": "rah-static--height-auto",
                "staticHeightSpecific": "rah-static--height-specific",
                "staticHeightZero": "rah-static--height-zero",
              },
              "applyInlineTransitions": true,
              "children": <div
                className="checklist-section__card__content"
              >
                data
              </div>,
              "delay": 0,
              "duration": 500,
              "easing": "ease",
              "height": 0,
              "style": Object {},
            },
            "ref": null,
            "rendered": Object {
              "instance": null,
              "key": undefined,
              "nodeType": "host",
              "props": Object {
                "children": "data",
                "className": "checklist-section__card__content",
              },
              "ref": null,
              "rendered": "data",
              "type": "div",
            },
            "type": [Function],
          },
          Object {
            "instance": null,
            "key": undefined,
            "nodeType": "host",
            "props": Object {
              "children": Array [
                <span>
                  Show more
                </span>,
                <div
                  className="circle circle_orange"
                >
                  <Arrow
                    rotate={false}
                  />
                </div>,
              ],
              "className": "checklist-section__card__footer",
              "onClick": [Function],
            },
            "ref": null,
            "rendered": Array [
              Object {
                "instance": null,
                "key": undefined,
                "nodeType": "host",
                "props": Object {
                  "children": "Show more",
                },
                "ref": null,
                "rendered": "Show more",
                "type": "span",
              },
              Object {
                "instance": null,
                "key": undefined,
                "nodeType": "host",
                "props": Object {
                  "children": <Arrow
                    rotate={false}
                  />,
                  "className": "circle circle_orange",
                },
                "ref": null,
                "rendered": Object {
                  "instance": null,
                  "key": undefined,
                  "nodeType": "class",
                  "props": Object {
                    "rotate": false,
                  },
                  "ref": null,
                  "rendered": null,
                  "type": [Function],
                },
                "type": "div",
              },
            ],
            "type": "div",
          },
        ],
        "type": "article",
      },
      Object {
        "instance": null,
        "key": undefined,
        "nodeType": "host",
        "props": Object {
          "children": Array [
            <img
              alt=""
              src="moving-checklist.png"
            />,
            <h2
              className="checklist-section__header checklist-section__header_green"
            >
              At your new home
            </h2>,
            <p
              className="checklist-section__card_preview"
            >
              Check these points off you list at your new place
            </p>,
            <AnimateHeight
              animateOpacity={false}
              animationStateClasses={
                Object {
                  "animating": "rah-animating",
                  "animatingDown": "rah-animating--down",
                  "animatingToHeightAuto": "rah-animating--to-height-auto",
                  "animatingToHeightSpecific": "rah-animating--to-height-specific",
                  "animatingToHeightZero": "rah-animating--to-height-zero",
                  "animatingUp": "rah-animating--up",
                  "static": "rah-static",
                  "staticHeightAuto": "rah-static--height-auto",
                  "staticHeightSpecific": "rah-static--height-specific",
                  "staticHeightZero": "rah-static--height-zero",
                }
              }
              applyInlineTransitions={true}
              delay={0}
              duration={500}
              easing="ease"
              height={0}
              style={Object {}}
            >
              <div
                className="checklist-section__card__content"
              >
                <div
                  className="checkpoint"
                >
                  <Arrow
                    rotate={false}
                  />
                  <p
                    className="checkpoint__desc"
                  >
                    if you're renting,complete the property's condition report-it's a good idea to take photos and email then to your landloard or property manger
                  </p>
                </div>
                <div
                  className="checkpoint"
                >
                  <Arrow
                    rotate={false}
                  />
                  <p
                    className="checkpoint__desc"
                  >
                    make sure all your utilities are connected(including your belong broadband) and the hot water service is on
                  </p>
                </div>
                <div
                  className="checkpoint"
                >
                  <Arrow
                    rotate={false}
                  />
                  <p
                    className="checkpoint__desc"
                  >
                    if you're moving some of your possessions out of storage interstate or overseas,check your inventory-contact the moving company innediately if anything is missing
                  </p>
                </div>
              </div>
            </AnimateHeight>,
            <div
              className="checklist-section__card__footer"
              onClick={[Function]}
            >
              <span>
                Show more
              </span>
              <div
                className="circle circle_green"
              >
                <Arrow
                  rotate={false}
                />
              </div>
            </div>,
          ],
          "className": "checklist-section__card checklist-section__card_green",
        },
        "ref": null,
        "rendered": Array [
          Object {
            "instance": null,
            "key": undefined,
            "nodeType": "host",
            "props": Object {
              "alt": "",
              "src": "moving-checklist.png",
            },
            "ref": null,
            "rendered": null,
            "type": "img",
          },
          Object {
            "instance": null,
            "key": undefined,
            "nodeType": "host",
            "props": Object {
              "children": "At your new home",
              "className": "checklist-section__header checklist-section__header_green",
            },
            "ref": null,
            "rendered": "At your new home",
            "type": "h2",
          },
          Object {
            "instance": null,
            "key": undefined,
            "nodeType": "host",
            "props": Object {
              "children": "Check these points off you list at your new place",
              "className": "checklist-section__card_preview",
            },
            "ref": null,
            "rendered": "Check these points off you list at your new place",
            "type": "p",
          },
          Object {
            "instance": null,
            "key": undefined,
            "nodeType": "class",
            "props": Object {
              "animateOpacity": false,
              "animationStateClasses": Object {
                "animating": "rah-animating",
                "animatingDown": "rah-animating--down",
                "animatingToHeightAuto": "rah-animating--to-height-auto",
                "animatingToHeightSpecific": "rah-animating--to-height-specific",
                "animatingToHeightZero": "rah-animating--to-height-zero",
                "animatingUp": "rah-animating--up",
                "static": "rah-static",
                "staticHeightAuto": "rah-static--height-auto",
                "staticHeightSpecific": "rah-static--height-specific",
                "staticHeightZero": "rah-static--height-zero",
              },
              "applyInlineTransitions": true,
              "children": <div
                className="checklist-section__card__content"
              >
                <div
                  className="checkpoint"
                >
                  <Arrow
                    rotate={false}
                  />
                  <p
                    className="checkpoint__desc"
                  >
                    if you're renting,complete the property's condition report-it's a good idea to take photos and email then to your landloard or property manger
                  </p>
                </div>
                <div
                  className="checkpoint"
                >
                  <Arrow
                    rotate={false}
                  />
                  <p
                    className="checkpoint__desc"
                  >
                    make sure all your utilities are connected(including your belong broadband) and the hot water service is on
                  </p>
                </div>
                <div
                  className="checkpoint"
                >
                  <Arrow
                    rotate={false}
                  />
                  <p
                    className="checkpoint__desc"
                  >
                    if you're moving some of your possessions out of storage interstate or overseas,check your inventory-contact the moving company innediately if anything is missing
                  </p>
                </div>
              </div>,
              "delay": 0,
              "duration": 500,
              "easing": "ease",
              "height": 0,
              "style": Object {},
            },
            "ref": null,
            "rendered": Object {
              "instance": null,
              "key": undefined,
              "nodeType": "host",
              "props": Object {
                "children": Array [
                  <div
                    className="checkpoint"
                  >
                    <Arrow
                      rotate={false}
                    />
                    <p
                      className="checkpoint__desc"
                    >
                      if you're renting,complete the property's condition report-it's a good idea to take photos and email then to your landloard or property manger
                    </p>
                  </div>,
                  <div
                    className="checkpoint"
                  >
                    <Arrow
                      rotate={false}
                    />
                    <p
                      className="checkpoint__desc"
                    >
                      make sure all your utilities are connected(including your belong broadband) and the hot water service is on
                    </p>
                  </div>,
                  <div
                    className="checkpoint"
                  >
                    <Arrow
                      rotate={false}
                    />
                    <p
                      className="checkpoint__desc"
                    >
                      if you're moving some of your possessions out of storage interstate or overseas,check your inventory-contact the moving company innediately if anything is missing
                    </p>
                  </div>,
                ],
                "className": "checklist-section__card__content",
              },
              "ref": null,
              "rendered": Array [
                Object {
                  "instance": null,
                  "key": "0",
                  "nodeType": "host",
                  "props": Object {
                    "children": Array [
                      <Arrow
                        rotate={false}
                      />,
                      <p
                        className="checkpoint__desc"
                      >
                        if you're renting,complete the property's condition report-it's a good idea to take photos and email then to your landloard or property manger
                      </p>,
                    ],
                    "className": "checkpoint",
                  },
                  "ref": null,
                  "rendered": Array [
                    Object {
                      "instance": null,
                      "key": undefined,
                      "nodeType": "class",
                      "props": Object {
                        "rotate": false,
                      },
                      "ref": null,
                      "rendered": null,
                      "type": [Function],
                    },
                    Object {
                      "instance": null,
                      "key": undefined,
                      "nodeType": "host",
                      "props": Object {
                        "children": "if you're renting,complete the property's condition report-it's a good idea to take photos and email then to your landloard or property manger",
                        "className": "checkpoint__desc",
                      },
                      "ref": null,
                      "rendered": "if you're renting,complete the property's condition report-it's a good idea to take photos and email then to your landloard or property manger",
                      "type": "p",
                    },
                  ],
                  "type": "div",
                },
                Object {
                  "instance": null,
                  "key": "1",
                  "nodeType": "host",
                  "props": Object {
                    "children": Array [
                      <Arrow
                        rotate={false}
                      />,
                      <p
                        className="checkpoint__desc"
                      >
                        make sure all your utilities are connected(including your belong broadband) and the hot water service is on
                      </p>,
                    ],
                    "className": "checkpoint",
                  },
                  "ref": null,
                  "rendered": Array [
                    Object {
                      "instance": null,
                      "key": undefined,
                      "nodeType": "class",
                      "props": Object {
                        "rotate": false,
                      },
                      "ref": null,
                      "rendered": null,
                      "type": [Function],
                    },
                    Object {
                      "instance": null,
                      "key": undefined,
                      "nodeType": "host",
                      "props": Object {
                        "children": "make sure all your utilities are connected(including your belong broadband) and the hot water service is on",
                        "className": "checkpoint__desc",
                      },
                      "ref": null,
                      "rendered": "make sure all your utilities are connected(including your belong broadband) and the hot water service is on",
                      "type": "p",
                    },
                  ],
                  "type": "div",
                },
                Object {
                  "instance": null,
                  "key": "2",
                  "nodeType": "host",
                  "props": Object {
                    "children": Array [
                      <Arrow
                        rotate={false}
                      />,
                      <p
                        className="checkpoint__desc"
                      >
                        if you're moving some of your possessions out of storage interstate or overseas,check your inventory-contact the moving company innediately if anything is missing
                      </p>,
                    ],
                    "className": "checkpoint",
                  },
                  "ref": null,
                  "rendered": Array [
                    Object {
                      "instance": null,
                      "key": undefined,
                      "nodeType": "class",
                      "props": Object {
                        "rotate": false,
                      },
                      "ref": null,
                      "rendered": null,
                      "type": [Function],
                    },
                    Object {
                      "instance": null,
                      "key": undefined,
                      "nodeType": "host",
                      "props": Object {
                        "children": "if you're moving some of your possessions out of storage interstate or overseas,check your inventory-contact the moving company innediately if anything is missing",
                        "className": "checkpoint__desc",
                      },
                      "ref": null,
                      "rendered": "if you're moving some of your possessions out of storage interstate or overseas,check your inventory-contact the moving company innediately if anything is missing",
                      "type": "p",
                    },
                  ],
                  "type": "div",
                },
              ],
              "type": "div",
            },
            "type": [Function],
          },
          Object {
            "instance": null,
            "key": undefined,
            "nodeType": "host",
            "props": Object {
              "children": Array [
                <span>
                  Show more
                </span>,
                <div
                  className="circle circle_green"
                >
                  <Arrow
                    rotate={false}
                  />
                </div>,
              ],
              "className": "checklist-section__card__footer",
              "onClick": [Function],
            },
            "ref": null,
            "rendered": Array [
              Object {
                "instance": null,
                "key": undefined,
                "nodeType": "host",
                "props": Object {
                  "children": "Show more",
                },
                "ref": null,
                "rendered": "Show more",
                "type": "span",
              },
              Object {
                "instance": null,
                "key": undefined,
                "nodeType": "host",
                "props": Object {
                  "children": <Arrow
                    rotate={false}
                  />,
                  "className": "circle circle_green",
                },
                "ref": null,
                "rendered": Object {
                  "instance": null,
                  "key": undefined,
                  "nodeType": "class",
                  "props": Object {
                    "rotate": false,
                  },
                  "ref": null,
                  "rendered": null,
                  "type": [Function],
                },
                "type": "div",
              },
            ],
            "type": "div",
          },
        ],
        "type": "article",
      },
    ],
    "type": "section",
  },
  Symbol(enzyme.__nodes__): Array [
    Object {
      "instance": null,
      "key": undefined,
      "nodeType": "host",
      "props": Object {
        "children": Array [
          <article
            className="checklist-section__card checklist-section__card_orange"
          >
            <img
              alt=""
              src="moving-checklist-house.png"
            />
            <h2
              className="checklist-section__header checklist-section__header_orange"
            >
              Moving from your old home
            </h2>
            <p
              className="checklist-section__card_preview"
            >
              Most people agree - moving house is a real headache! To make things easier, we've put together a mover's checklist so you can tick your moving jobs off as you go.
            </p>
            <AnimateHeight
              animateOpacity={false}
              animationStateClasses={
                Object {
                  "animating": "rah-animating",
                  "animatingDown": "rah-animating--down",
                  "animatingToHeightAuto": "rah-animating--to-height-auto",
                  "animatingToHeightSpecific": "rah-animating--to-height-specific",
                  "animatingToHeightZero": "rah-animating--to-height-zero",
                  "animatingUp": "rah-animating--up",
                  "static": "rah-static",
                  "staticHeightAuto": "rah-static--height-auto",
                  "staticHeightSpecific": "rah-static--height-specific",
                  "staticHeightZero": "rah-static--height-zero",
                }
              }
              applyInlineTransitions={true}
              delay={0}
              duration={500}
              easing="ease"
              height={0}
              style={Object {}}
            >
              <div
                className="checklist-section__card__content"
              >
                data
              </div>
            </AnimateHeight>
            <div
              className="checklist-section__card__footer"
              onClick={[Function]}
            >
              <span>
                Show more
              </span>
              <div
                className="circle circle_orange"
              >
                <Arrow
                  rotate={false}
                />
              </div>
            </div>
          </article>,
          <article
            className="checklist-section__card checklist-section__card_green"
          >
            <img
              alt=""
              src="moving-checklist.png"
            />
            <h2
              className="checklist-section__header checklist-section__header_green"
            >
              At your new home
            </h2>
            <p
              className="checklist-section__card_preview"
            >
              Check these points off you list at your new place
            </p>
            <AnimateHeight
              animateOpacity={false}
              animationStateClasses={
                Object {
                  "animating": "rah-animating",
                  "animatingDown": "rah-animating--down",
                  "animatingToHeightAuto": "rah-animating--to-height-auto",
                  "animatingToHeightSpecific": "rah-animating--to-height-specific",
                  "animatingToHeightZero": "rah-animating--to-height-zero",
                  "animatingUp": "rah-animating--up",
                  "static": "rah-static",
                  "staticHeightAuto": "rah-static--height-auto",
                  "staticHeightSpecific": "rah-static--height-specific",
                  "staticHeightZero": "rah-static--height-zero",
                }
              }
              applyInlineTransitions={true}
              delay={0}
              duration={500}
              easing="ease"
              height={0}
              style={Object {}}
            >
              <div
                className="checklist-section__card__content"
              >
                <div
                  className="checkpoint"
                >
                  <Arrow
                    rotate={false}
                  />
                  <p
                    className="checkpoint__desc"
                  >
                    if you're renting,complete the property's condition report-it's a good idea to take photos and email then to your landloard or property manger
                  </p>
                </div>
                <div
                  className="checkpoint"
                >
                  <Arrow
                    rotate={false}
                  />
                  <p
                    className="checkpoint__desc"
                  >
                    make sure all your utilities are connected(including your belong broadband) and the hot water service is on
                  </p>
                </div>
                <div
                  className="checkpoint"
                >
                  <Arrow
                    rotate={false}
                  />
                  <p
                    className="checkpoint__desc"
                  >
                    if you're moving some of your possessions out of storage interstate or overseas,check your inventory-contact the moving company innediately if anything is missing
                  </p>
                </div>
              </div>
            </AnimateHeight>
            <div
              className="checklist-section__card__footer"
              onClick={[Function]}
            >
              <span>
                Show more
              </span>
              <div
                className="circle circle_green"
              >
                <Arrow
                  rotate={false}
                />
              </div>
            </div>
          </article>,
        ],
        "className": "checklist-section",
      },
      "ref": null,
      "rendered": Array [
        Object {
          "instance": null,
          "key": undefined,
          "nodeType": "host",
          "props": Object {
            "children": Array [
              <img
                alt=""
                src="moving-checklist-house.png"
              />,
              <h2
                className="checklist-section__header checklist-section__header_orange"
              >
                Moving from your old home
              </h2>,
              <p
                className="checklist-section__card_preview"
              >
                Most people agree - moving house is a real headache! To make things easier, we've put together a mover's checklist so you can tick your moving jobs off as you go.
              </p>,
              <AnimateHeight
                animateOpacity={false}
                animationStateClasses={
                  Object {
                    "animating": "rah-animating",
                    "animatingDown": "rah-animating--down",
                    "animatingToHeightAuto": "rah-animating--to-height-auto",
                    "animatingToHeightSpecific": "rah-animating--to-height-specific",
                    "animatingToHeightZero": "rah-animating--to-height-zero",
                    "animatingUp": "rah-animating--up",
                    "static": "rah-static",
                    "staticHeightAuto": "rah-static--height-auto",
                    "staticHeightSpecific": "rah-static--height-specific",
                    "staticHeightZero": "rah-static--height-zero",
                  }
                }
                applyInlineTransitions={true}
                delay={0}
                duration={500}
                easing="ease"
                height={0}
                style={Object {}}
              >
                <div
                  className="checklist-section__card__content"
                >
                  data
                </div>
              </AnimateHeight>,
              <div
                className="checklist-section__card__footer"
                onClick={[Function]}
              >
                <span>
                  Show more
                </span>
                <div
                  className="circle circle_orange"
                >
                  <Arrow
                    rotate={false}
                  />
                </div>
              </div>,
            ],
            "className": "checklist-section__card checklist-section__card_orange",
          },
          "ref": null,
          "rendered": Array [
            Object {
              "instance": null,
              "key": undefined,
              "nodeType": "host",
              "props": Object {
                "alt": "",
                "src": "moving-checklist-house.png",
              },
              "ref": null,
              "rendered": null,
              "type": "img",
            },
            Object {
              "instance": null,
              "key": undefined,
              "nodeType": "host",
              "props": Object {
                "children": "Moving from your old home",
                "className": "checklist-section__header checklist-section__header_orange",
              },
              "ref": null,
              "rendered": "Moving from your old home",
              "type": "h2",
            },
            Object {
              "instance": null,
              "key": undefined,
              "nodeType": "host",
              "props": Object {
                "children": "Most people agree - moving house is a real headache! To make things easier, we've put together a mover's checklist so you can tick your moving jobs off as you go.",
                "className": "checklist-section__card_preview",
              },
              "ref": null,
              "rendered": "Most people agree - moving house is a real headache! To make things easier, we've put together a mover's checklist so you can tick your moving jobs off as you go.",
              "type": "p",
            },
            Object {
              "instance": null,
              "key": undefined,
              "nodeType": "class",
              "props": Object {
                "animateOpacity": false,
                "animationStateClasses": Object {
                  "animating": "rah-animating",
                  "animatingDown": "rah-animating--down",
                  "animatingToHeightAuto": "rah-animating--to-height-auto",
                  "animatingToHeightSpecific": "rah-animating--to-height-specific",
                  "animatingToHeightZero": "rah-animating--to-height-zero",
                  "animatingUp": "rah-animating--up",
                  "static": "rah-static",
                  "staticHeightAuto": "rah-static--height-auto",
                  "staticHeightSpecific": "rah-static--height-specific",
                  "staticHeightZero": "rah-static--height-zero",
                },
                "applyInlineTransitions": true,
                "children": <div
                  className="checklist-section__card__content"
                >
                  data
                </div>,
                "delay": 0,
                "duration": 500,
                "easing": "ease",
                "height": 0,
                "style": Object {},
              },
              "ref": null,
              "rendered": Object {
                "instance": null,
                "key": undefined,
                "nodeType": "host",
                "props": Object {
                  "children": "data",
                  "className": "checklist-section__card__content",
                },
                "ref": null,
                "rendered": "data",
                "type": "div",
              },
              "type": [Function],
            },
            Object {
              "instance": null,
              "key": undefined,
              "nodeType": "host",
              "props": Object {
                "children": Array [
                  <span>
                    Show more
                  </span>,
                  <div
                    className="circle circle_orange"
                  >
                    <Arrow
                      rotate={false}
                    />
                  </div>,
                ],
                "className": "checklist-section__card__footer",
                "onClick": [Function],
              },
              "ref": null,
              "rendered": Array [
                Object {
                  "instance": null,
                  "key": undefined,
                  "nodeType": "host",
                  "props": Object {
                    "children": "Show more",
                  },
                  "ref": null,
                  "rendered": "Show more",
                  "type": "span",
                },
                Object {
                  "instance": null,
                  "key": undefined,
                  "nodeType": "host",
                  "props": Object {
                    "children": <Arrow
                      rotate={false}
                    />,
                    "className": "circle circle_orange",
                  },
                  "ref": null,
                  "rendered": Object {
                    "instance": null,
                    "key": undefined,
                    "nodeType": "class",
                    "props": Object {
                      "rotate": false,
                    },
                    "ref": null,
                    "rendered": null,
                    "type": [Function],
                  },
                  "type": "div",
                },
              ],
              "type": "div",
            },
          ],
          "type": "article",
        },
        Object {
          "instance": null,
          "key": undefined,
          "nodeType": "host",
          "props": Object {
            "children": Array [
              <img
                alt=""
                src="moving-checklist.png"
              />,
              <h2
                className="checklist-section__header checklist-section__header_green"
              >
                At your new home
              </h2>,
              <p
                className="checklist-section__card_preview"
              >
                Check these points off you list at your new place
              </p>,
              <AnimateHeight
                animateOpacity={false}
                animationStateClasses={
                  Object {
                    "animating": "rah-animating",
                    "animatingDown": "rah-animating--down",
                    "animatingToHeightAuto": "rah-animating--to-height-auto",
                    "animatingToHeightSpecific": "rah-animating--to-height-specific",
                    "animatingToHeightZero": "rah-animating--to-height-zero",
                    "animatingUp": "rah-animating--up",
                    "static": "rah-static",
                    "staticHeightAuto": "rah-static--height-auto",
                    "staticHeightSpecific": "rah-static--height-specific",
                    "staticHeightZero": "rah-static--height-zero",
                  }
                }
                applyInlineTransitions={true}
                delay={0}
                duration={500}
                easing="ease"
                height={0}
                style={Object {}}
              >
                <div
                  className="checklist-section__card__content"
                >
                  <div
                    className="checkpoint"
                  >
                    <Arrow
                      rotate={false}
                    />
                    <p
                      className="checkpoint__desc"
                    >
                      if you're renting,complete the property's condition report-it's a good idea to take photos and email then to your landloard or property manger
                    </p>
                  </div>
                  <div
                    className="checkpoint"
                  >
                    <Arrow
                      rotate={false}
                    />
                    <p
                      className="checkpoint__desc"
                    >
                      make sure all your utilities are connected(including your belong broadband) and the hot water service is on
                    </p>
                  </div>
                  <div
                    className="checkpoint"
                  >
                    <Arrow
                      rotate={false}
                    />
                    <p
                      className="checkpoint__desc"
                    >
                      if you're moving some of your possessions out of storage interstate or overseas,check your inventory-contact the moving company innediately if anything is missing
                    </p>
                  </div>
                </div>
              </AnimateHeight>,
              <div
                className="checklist-section__card__footer"
                onClick={[Function]}
              >
                <span>
                  Show more
                </span>
                <div
                  className="circle circle_green"
                >
                  <Arrow
                    rotate={false}
                  />
                </div>
              </div>,
            ],
            "className": "checklist-section__card checklist-section__card_green",
          },
          "ref": null,
          "rendered": Array [
            Object {
              "instance": null,
              "key": undefined,
              "nodeType": "host",
              "props": Object {
                "alt": "",
                "src": "moving-checklist.png",
              },
              "ref": null,
              "rendered": null,
              "type": "img",
            },
            Object {
              "instance": null,
              "key": undefined,
              "nodeType": "host",
              "props": Object {
                "children": "At your new home",
                "className": "checklist-section__header checklist-section__header_green",
              },
              "ref": null,
              "rendered": "At your new home",
              "type": "h2",
            },
            Object {
              "instance": null,
              "key": undefined,
              "nodeType": "host",
              "props": Object {
                "children": "Check these points off you list at your new place",
                "className": "checklist-section__card_preview",
              },
              "ref": null,
              "rendered": "Check these points off you list at your new place",
              "type": "p",
            },
            Object {
              "instance": null,
              "key": undefined,
              "nodeType": "class",
              "props": Object {
                "animateOpacity": false,
                "animationStateClasses": Object {
                  "animating": "rah-animating",
                  "animatingDown": "rah-animating--down",
                  "animatingToHeightAuto": "rah-animating--to-height-auto",
                  "animatingToHeightSpecific": "rah-animating--to-height-specific",
                  "animatingToHeightZero": "rah-animating--to-height-zero",
                  "animatingUp": "rah-animating--up",
                  "static": "rah-static",
                  "staticHeightAuto": "rah-static--height-auto",
                  "staticHeightSpecific": "rah-static--height-specific",
                  "staticHeightZero": "rah-static--height-zero",
                },
                "applyInlineTransitions": true,
                "children": <div
                  className="checklist-section__card__content"
                >
                  <div
                    className="checkpoint"
                  >
                    <Arrow
                      rotate={false}
                    />
                    <p
                      className="checkpoint__desc"
                    >
                      if you're renting,complete the property's condition report-it's a good idea to take photos and email then to your landloard or property manger
                    </p>
                  </div>
                  <div
                    className="checkpoint"
                  >
                    <Arrow
                      rotate={false}
                    />
                    <p
                      className="checkpoint__desc"
                    >
                      make sure all your utilities are connected(including your belong broadband) and the hot water service is on
                    </p>
                  </div>
                  <div
                    className="checkpoint"
                  >
                    <Arrow
                      rotate={false}
                    />
                    <p
                      className="checkpoint__desc"
                    >
                      if you're moving some of your possessions out of storage interstate or overseas,check your inventory-contact the moving company innediately if anything is missing
                    </p>
                  </div>
                </div>,
                "delay": 0,
                "duration": 500,
                "easing": "ease",
                "height": 0,
                "style": Object {},
              },
              "ref": null,
              "rendered": Object {
                "instance": null,
                "key": undefined,
                "nodeType": "host",
                "props": Object {
                  "children": Array [
                    <div
                      className="checkpoint"
                    >
                      <Arrow
                        rotate={false}
                      />
                      <p
                        className="checkpoint__desc"
                      >
                        if you're renting,complete the property's condition report-it's a good idea to take photos and email then to your landloard or property manger
                      </p>
                    </div>,
                    <div
                      className="checkpoint"
                    >
                      <Arrow
                        rotate={false}
                      />
                      <p
                        className="checkpoint__desc"
                      >
                        make sure all your utilities are connected(including your belong broadband) and the hot water service is on
                      </p>
                    </div>,
                    <div
                      className="checkpoint"
                    >
                      <Arrow
                        rotate={false}
                      />
                      <p
                        className="checkpoint__desc"
                      >
                        if you're moving some of your possessions out of storage interstate or overseas,check your inventory-contact the moving company innediately if anything is missing
                      </p>
                    </div>,
                  ],
                  "className": "checklist-section__card__content",
                },
                "ref": null,
                "rendered": Array [
                  Object {
                    "instance": null,
                    "key": "0",
                    "nodeType": "host",
                    "props": Object {
                      "children": Array [
                        <Arrow
                          rotate={false}
                        />,
                        <p
                          className="checkpoint__desc"
                        >
                          if you're renting,complete the property's condition report-it's a good idea to take photos and email then to your landloard or property manger
                        </p>,
                      ],
                      "className": "checkpoint",
                    },
                    "ref": null,
                    "rendered": Array [
                      Object {
                        "instance": null,
                        "key": undefined,
                        "nodeType": "class",
                        "props": Object {
                          "rotate": false,
                        },
                        "ref": null,
                        "rendered": null,
                        "type": [Function],
                      },
                      Object {
                        "instance": null,
                        "key": undefined,
                        "nodeType": "host",
                        "props": Object {
                          "children": "if you're renting,complete the property's condition report-it's a good idea to take photos and email then to your landloard or property manger",
                          "className": "checkpoint__desc",
                        },
                        "ref": null,
                        "rendered": "if you're renting,complete the property's condition report-it's a good idea to take photos and email then to your landloard or property manger",
                        "type": "p",
                      },
                    ],
                    "type": "div",
                  },
                  Object {
                    "instance": null,
                    "key": "1",
                    "nodeType": "host",
                    "props": Object {
                      "children": Array [
                        <Arrow
                          rotate={false}
                        />,
                        <p
                          className="checkpoint__desc"
                        >
                          make sure all your utilities are connected(including your belong broadband) and the hot water service is on
                        </p>,
                      ],
                      "className": "checkpoint",
                    },
                    "ref": null,
                    "rendered": Array [
                      Object {
                        "instance": null,
                        "key": undefined,
                        "nodeType": "class",
                        "props": Object {
                          "rotate": false,
                        },
                        "ref": null,
                        "rendered": null,
                        "type": [Function],
                      },
                      Object {
                        "instance": null,
                        "key": undefined,
                        "nodeType": "host",
                        "props": Object {
                          "children": "make sure all your utilities are connected(including your belong broadband) and the hot water service is on",
                          "className": "checkpoint__desc",
                        },
                        "ref": null,
                        "rendered": "make sure all your utilities are connected(including your belong broadband) and the hot water service is on",
                        "type": "p",
                      },
                    ],
                    "type": "div",
                  },
                  Object {
                    "instance": null,
                    "key": "2",
                    "nodeType": "host",
                    "props": Object {
                      "children": Array [
                        <Arrow
                          rotate={false}
                        />,
                        <p
                          className="checkpoint__desc"
                        >
                          if you're moving some of your possessions out of storage interstate or overseas,check your inventory-contact the moving company innediately if anything is missing
                        </p>,
                      ],
                      "className": "checkpoint",
                    },
                    "ref": null,
                    "rendered": Array [
                      Object {
                        "instance": null,
                        "key": undefined,
                        "nodeType": "class",
                        "props": Object {
                          "rotate": false,
                        },
                        "ref": null,
                        "rendered": null,
                        "type": [Function],
                      },
                      Object {
                        "instance": null,
                        "key": undefined,
                        "nodeType": "host",
                        "props": Object {
                          "children": "if you're moving some of your possessions out of storage interstate or overseas,check your inventory-contact the moving company innediately if anything is missing",
                          "className": "checkpoint__desc",
                        },
                        "ref": null,
                        "rendered": "if you're moving some of your possessions out of storage interstate or overseas,check your inventory-contact the moving company innediately if anything is missing",
                        "type": "p",
                      },
                    ],
                    "type": "div",
                  },
                ],
                "type": "div",
              },
              "type": [Function],
            },
            Object {
              "instance": null,
              "key": undefined,
              "nodeType": "host",
              "props": Object {
                "children": Array [
                  <span>
                    Show more
                  </span>,
                  <div
                    className="circle circle_green"
                  >
                    <Arrow
                      rotate={false}
                    />
                  </div>,
                ],
                "className": "checklist-section__card__footer",
                "onClick": [Function],
              },
              "ref": null,
              "rendered": Array [
                Object {
                  "instance": null,
                  "key": undefined,
                  "nodeType": "host",
                  "props": Object {
                    "children": "Show more",
                  },
                  "ref": null,
                  "rendered": "Show more",
                  "type": "span",
                },
                Object {
                  "instance": null,
                  "key": undefined,
                  "nodeType": "host",
                  "props": Object {
                    "children": <Arrow
                      rotate={false}
                    />,
                    "className": "circle circle_green",
                  },
                  "ref": null,
                  "rendered": Object {
                    "instance": null,
                    "key": undefined,
                    "nodeType": "class",
                    "props": Object {
                      "rotate": false,
                    },
                    "ref": null,
                    "rendered": null,
                    "type": [Function],
                  },
                  "type": "div",
                },
              ],
              "type": "div",
            },
          ],
          "type": "article",
        },
      ],
      "type": "section",
    },
  ],
  Symbol(enzyme.__options__): Object {
    "adapter": ReactSixteenAdapter {
      "options": Object {
        "enableComponentDidUpdateOnSetState": true,
        "legacyContextMode": "parent",
        "lifecycles": Object {
          "componentDidUpdate": Object {
            "onSetState": true,
          },
          "getChildContext": Object {
            "calledByRenderer": false,
          },
          "getDerivedStateFromProps": true,
          "getSnapshotBeforeUpdate": true,
          "setState": Object {
            "skipsComponentDidUpdateOnNullish": true,
          },
        },
      },
    },
  },
}
`;
