// Jest Snapshot v1, https://goo.gl/fbAQLP

exports[`HeroSection tests should render Hero section 1`] = `
ShallowWrapper {
  Symbol(enzyme.__root__): [Circular],
  Symbol(enzyme.__unrendered__): <HeroSection />,
  Symbol(enzyme.__renderer__): Object {
    "batchedUpdates": [Function],
    "checkPropTypes": [Function],
    "getNode": [Function],
    "render": [Function],
    "simulateError": [Function],
    "simulateEvent": [Function],
    "unmount": [Function],
  },
  Symbol(enzyme.__node__): Object {
    "instance": null,
    "key": undefined,
    "nodeType": "host",
    "props": Object {
      "children": <div
        className="moving-hero"
      >
        <div
          className="moving-hero-action"
        >
          <div
            className="moving-hero-action__title"
          >
            Hassle free nbn™ moving service
          </div>
          <div
            className="moving-hero-action__desc"
          >
            If you’re moving into a new place and need to connect to the nbn™, Australia Broadband provides an easy to switch & easy to connect service with no lock in contracts and no worries.
          </div>
          <div
            className="moving-hero-action__button"
          >
            <CheckButton
              Content="Check address"
              CustomStyle={
                Object {
                  "backgroundColor": "#67cebb",
                  "borderRadius": "22.5px",
                  "color": "#ffffff",
                  "fontSize": "18px",
                  "height": "45px",
                  "width": "230px",
                }
              }
            />
          </div>
        </div>
        <div
          className="moving-hero-visual"
        >
          <img
            alt=""
            src="moving-hero-left.png"
          />
          <img
            alt=""
            src="moving-hero-right.png"
          />
        </div>
      </div>,
      "className": "moving-hero-wrapper",
    },
    "ref": null,
    "rendered": Object {
      "instance": null,
      "key": undefined,
      "nodeType": "host",
      "props": Object {
        "children": Array [
          <div
            className="moving-hero-action"
          >
            <div
              className="moving-hero-action__title"
            >
              Hassle free nbn™ moving service
            </div>
            <div
              className="moving-hero-action__desc"
            >
              If you’re moving into a new place and need to connect to the nbn™, Australia Broadband provides an easy to switch & easy to connect service with no lock in contracts and no worries.
            </div>
            <div
              className="moving-hero-action__button"
            >
              <CheckButton
                Content="Check address"
                CustomStyle={
                  Object {
                    "backgroundColor": "#67cebb",
                    "borderRadius": "22.5px",
                    "color": "#ffffff",
                    "fontSize": "18px",
                    "height": "45px",
                    "width": "230px",
                  }
                }
              />
            </div>
          </div>,
          <div
            className="moving-hero-visual"
          >
            <img
              alt=""
              src="moving-hero-left.png"
            />
            <img
              alt=""
              src="moving-hero-right.png"
            />
          </div>,
        ],
        "className": "moving-hero",
      },
      "ref": null,
      "rendered": Array [
        Object {
          "instance": null,
          "key": undefined,
          "nodeType": "host",
          "props": Object {
            "children": Array [
              <div
                className="moving-hero-action__title"
              >
                Hassle free nbn™ moving service
              </div>,
              <div
                className="moving-hero-action__desc"
              >
                If you’re moving into a new place and need to connect to the nbn™, Australia Broadband provides an easy to switch & easy to connect service with no lock in contracts and no worries.
              </div>,
              <div
                className="moving-hero-action__button"
              >
                <CheckButton
                  Content="Check address"
                  CustomStyle={
                    Object {
                      "backgroundColor": "#67cebb",
                      "borderRadius": "22.5px",
                      "color": "#ffffff",
                      "fontSize": "18px",
                      "height": "45px",
                      "width": "230px",
                    }
                  }
                />
              </div>,
            ],
            "className": "moving-hero-action",
          },
          "ref": null,
          "rendered": Array [
            Object {
              "instance": null,
              "key": undefined,
              "nodeType": "host",
              "props": Object {
                "children": "Hassle free nbn™ moving service",
                "className": "moving-hero-action__title",
              },
              "ref": null,
              "rendered": "Hassle free nbn™ moving service",
              "type": "div",
            },
            Object {
              "instance": null,
              "key": undefined,
              "nodeType": "host",
              "props": Object {
                "children": "If you’re moving into a new place and need to connect to the nbn™, Australia Broadband provides an easy to switch & easy to connect service with no lock in contracts and no worries.",
                "className": "moving-hero-action__desc",
              },
              "ref": null,
              "rendered": "If you’re moving into a new place and need to connect to the nbn™, Australia Broadband provides an easy to switch & easy to connect service with no lock in contracts and no worries.",
              "type": "div",
            },
            Object {
              "instance": null,
              "key": undefined,
              "nodeType": "host",
              "props": Object {
                "children": <CheckButton
                  Content="Check address"
                  CustomStyle={
                    Object {
                      "backgroundColor": "#67cebb",
                      "borderRadius": "22.5px",
                      "color": "#ffffff",
                      "fontSize": "18px",
                      "height": "45px",
                      "width": "230px",
                    }
                  }
                />,
                "className": "moving-hero-action__button",
              },
              "ref": null,
              "rendered": Object {
                "instance": null,
                "key": undefined,
                "nodeType": "class",
                "props": Object {
                  "Content": "Check address",
                  "CustomStyle": Object {
                    "backgroundColor": "#67cebb",
                    "borderRadius": "22.5px",
                    "color": "#ffffff",
                    "fontSize": "18px",
                    "height": "45px",
                    "width": "230px",
                  },
                },
                "ref": null,
                "rendered": null,
                "type": [Function],
              },
              "type": "div",
            },
          ],
          "type": "div",
        },
        Object {
          "instance": null,
          "key": undefined,
          "nodeType": "host",
          "props": Object {
            "children": Array [
              <img
                alt=""
                src="moving-hero-left.png"
              />,
              <img
                alt=""
                src="moving-hero-right.png"
              />,
            ],
            "className": "moving-hero-visual",
          },
          "ref": null,
          "rendered": Array [
            Object {
              "instance": null,
              "key": undefined,
              "nodeType": "host",
              "props": Object {
                "alt": "",
                "src": "moving-hero-left.png",
              },
              "ref": null,
              "rendered": null,
              "type": "img",
            },
            Object {
              "instance": null,
              "key": undefined,
              "nodeType": "host",
              "props": Object {
                "alt": "",
                "src": "moving-hero-right.png",
              },
              "ref": null,
              "rendered": null,
              "type": "img",
            },
          ],
          "type": "div",
        },
      ],
      "type": "div",
    },
    "type": "div",
  },
  Symbol(enzyme.__nodes__): Array [
    Object {
      "instance": null,
      "key": undefined,
      "nodeType": "host",
      "props": Object {
        "children": <div
          className="moving-hero"
        >
          <div
            className="moving-hero-action"
          >
            <div
              className="moving-hero-action__title"
            >
              Hassle free nbn™ moving service
            </div>
            <div
              className="moving-hero-action__desc"
            >
              If you’re moving into a new place and need to connect to the nbn™, Australia Broadband provides an easy to switch & easy to connect service with no lock in contracts and no worries.
            </div>
            <div
              className="moving-hero-action__button"
            >
              <CheckButton
                Content="Check address"
                CustomStyle={
                  Object {
                    "backgroundColor": "#67cebb",
                    "borderRadius": "22.5px",
                    "color": "#ffffff",
                    "fontSize": "18px",
                    "height": "45px",
                    "width": "230px",
                  }
                }
              />
            </div>
          </div>
          <div
            className="moving-hero-visual"
          >
            <img
              alt=""
              src="moving-hero-left.png"
            />
            <img
              alt=""
              src="moving-hero-right.png"
            />
          </div>
        </div>,
        "className": "moving-hero-wrapper",
      },
      "ref": null,
      "rendered": Object {
        "instance": null,
        "key": undefined,
        "nodeType": "host",
        "props": Object {
          "children": Array [
            <div
              className="moving-hero-action"
            >
              <div
                className="moving-hero-action__title"
              >
                Hassle free nbn™ moving service
              </div>
              <div
                className="moving-hero-action__desc"
              >
                If you’re moving into a new place and need to connect to the nbn™, Australia Broadband provides an easy to switch & easy to connect service with no lock in contracts and no worries.
              </div>
              <div
                className="moving-hero-action__button"
              >
                <CheckButton
                  Content="Check address"
                  CustomStyle={
                    Object {
                      "backgroundColor": "#67cebb",
                      "borderRadius": "22.5px",
                      "color": "#ffffff",
                      "fontSize": "18px",
                      "height": "45px",
                      "width": "230px",
                    }
                  }
                />
              </div>
            </div>,
            <div
              className="moving-hero-visual"
            >
              <img
                alt=""
                src="moving-hero-left.png"
              />
              <img
                alt=""
                src="moving-hero-right.png"
              />
            </div>,
          ],
          "className": "moving-hero",
        },
        "ref": null,
        "rendered": Array [
          Object {
            "instance": null,
            "key": undefined,
            "nodeType": "host",
            "props": Object {
              "children": Array [
                <div
                  className="moving-hero-action__title"
                >
                  Hassle free nbn™ moving service
                </div>,
                <div
                  className="moving-hero-action__desc"
                >
                  If you’re moving into a new place and need to connect to the nbn™, Australia Broadband provides an easy to switch & easy to connect service with no lock in contracts and no worries.
                </div>,
                <div
                  className="moving-hero-action__button"
                >
                  <CheckButton
                    Content="Check address"
                    CustomStyle={
                      Object {
                        "backgroundColor": "#67cebb",
                        "borderRadius": "22.5px",
                        "color": "#ffffff",
                        "fontSize": "18px",
                        "height": "45px",
                        "width": "230px",
                      }
                    }
                  />
                </div>,
              ],
              "className": "moving-hero-action",
            },
            "ref": null,
            "rendered": Array [
              Object {
                "instance": null,
                "key": undefined,
                "nodeType": "host",
                "props": Object {
                  "children": "Hassle free nbn™ moving service",
                  "className": "moving-hero-action__title",
                },
                "ref": null,
                "rendered": "Hassle free nbn™ moving service",
                "type": "div",
              },
              Object {
                "instance": null,
                "key": undefined,
                "nodeType": "host",
                "props": Object {
                  "children": "If you’re moving into a new place and need to connect to the nbn™, Australia Broadband provides an easy to switch & easy to connect service with no lock in contracts and no worries.",
                  "className": "moving-hero-action__desc",
                },
                "ref": null,
                "rendered": "If you’re moving into a new place and need to connect to the nbn™, Australia Broadband provides an easy to switch & easy to connect service with no lock in contracts and no worries.",
                "type": "div",
              },
              Object {
                "instance": null,
                "key": undefined,
                "nodeType": "host",
                "props": Object {
                  "children": <CheckButton
                    Content="Check address"
                    CustomStyle={
                      Object {
                        "backgroundColor": "#67cebb",
                        "borderRadius": "22.5px",
                        "color": "#ffffff",
                        "fontSize": "18px",
                        "height": "45px",
                        "width": "230px",
                      }
                    }
                  />,
                  "className": "moving-hero-action__button",
                },
                "ref": null,
                "rendered": Object {
                  "instance": null,
                  "key": undefined,
                  "nodeType": "class",
                  "props": Object {
                    "Content": "Check address",
                    "CustomStyle": Object {
                      "backgroundColor": "#67cebb",
                      "borderRadius": "22.5px",
                      "color": "#ffffff",
                      "fontSize": "18px",
                      "height": "45px",
                      "width": "230px",
                    },
                  },
                  "ref": null,
                  "rendered": null,
                  "type": [Function],
                },
                "type": "div",
              },
            ],
            "type": "div",
          },
          Object {
            "instance": null,
            "key": undefined,
            "nodeType": "host",
            "props": Object {
              "children": Array [
                <img
                  alt=""
                  src="moving-hero-left.png"
                />,
                <img
                  alt=""
                  src="moving-hero-right.png"
                />,
              ],
              "className": "moving-hero-visual",
            },
            "ref": null,
            "rendered": Array [
              Object {
                "instance": null,
                "key": undefined,
                "nodeType": "host",
                "props": Object {
                  "alt": "",
                  "src": "moving-hero-left.png",
                },
                "ref": null,
                "rendered": null,
                "type": "img",
              },
              Object {
                "instance": null,
                "key": undefined,
                "nodeType": "host",
                "props": Object {
                  "alt": "",
                  "src": "moving-hero-right.png",
                },
                "ref": null,
                "rendered": null,
                "type": "img",
              },
            ],
            "type": "div",
          },
        ],
        "type": "div",
      },
      "type": "div",
    },
  ],
  Symbol(enzyme.__options__): Object {
    "adapter": ReactSixteenAdapter {
      "options": Object {
        "enableComponentDidUpdateOnSetState": true,
        "legacyContextMode": "parent",
        "lifecycles": Object {
          "componentDidUpdate": Object {
            "onSetState": true,
          },
          "getChildContext": Object {
            "calledByRenderer": false,
          },
          "getDerivedStateFromProps": true,
          "getSnapshotBeforeUpdate": true,
          "setState": Object {
            "skipsComponentDidUpdateOnNullish": true,
          },
        },
      },
    },
  },
}
`;
