// Jest Snapshot v1, https://goo.gl/fbAQLP

exports[`Dropdown tests should render dropdown section 1`] = `
ShallowWrapper {
  Symbol(enzyme.__root__): [Circular],
  Symbol(enzyme.__unrendered__): <Dropdown
    data={
      Object {
        "item": Object {
          "mainAnswer": "You’re moving; no worries! The first step is to check your address on our address checker and find out if your address is nbn™ ready.",
          "mainQuestion": "How do I move my Australia Broadband service with me?",
          "questions": Array [
            Object {
              "answer": "That’s great! Simply follow the steps above",
              "question": "My new address is nbn™ ready. What do I do?",
            },
            Object {
              "answer": "If your new address is not nbn™ ready, unfortunately you can’t connect with Australia Broadband at your new address. Australia Broadband only provides internet services on the nbn™ and does not provide ADSL services. If you are an existing customer, all you need to do is email us at customercare@australiabroadband.net.au and let us know you are moving to an address not supported by the nbn™ and the date you would like us to disconnected your Australia Broadband nbn™ service from your old address. With Australia Broadband, there are no lock-in contracts and no early termination fees, so you can disconnect your nbn™ service at any time by giving us 1 months notice.",
              "question": "What if my new address is not nbn™ ready?",
            },
          ],
        },
      }
    }
    expandDropdown={[MockFunction]}
    openedDropdownIdx={null}
  />,
  Symbol(enzyme.__renderer__): Object {
    "batchedUpdates": [Function],
    "checkPropTypes": [Function],
    "getNode": [Function],
    "render": [Function],
    "simulateError": [Function],
    "simulateEvent": [Function],
    "unmount": [Function],
  },
  Symbol(enzyme.__node__): Object {
    "instance": null,
    "key": undefined,
    "nodeType": "host",
    "props": Object {
      "children": Array [
        <div
          className="dropdown__button"
          onClick={[Function]}
        >
          <p
            className="dropdown__button__main-question"
          >
            How do I move my Australia Broadband service with me?
          </p>
          <div
            className="dropdown__button__circle"
          >
            <Arrow
              rotate={true}
            />
          </div>
        </div>,
        <AnimateHeight
          animateOpacity={false}
          animationStateClasses={
            Object {
              "animating": "rah-animating",
              "animatingDown": "rah-animating--down",
              "animatingToHeightAuto": "rah-animating--to-height-auto",
              "animatingToHeightSpecific": "rah-animating--to-height-specific",
              "animatingToHeightZero": "rah-animating--to-height-zero",
              "animatingUp": "rah-animating--up",
              "static": "rah-static",
              "staticHeightAuto": "rah-static--height-auto",
              "staticHeightSpecific": "rah-static--height-specific",
              "staticHeightZero": "rah-static--height-zero",
            }
          }
          applyInlineTransitions={true}
          delay={0}
          duration={500}
          easing="ease"
          height="auto"
          style={Object {}}
        >
          <section
            className="dropdown__content"
          >
            <p>
              You’re moving; no worries! The first step is to check your address on our address checker and find out if your address is nbn™ ready.
            </p>
            <React.Fragment>
              <p>
                My new address is nbn™ ready. What do I do?
              </p>
              <p>
                That’s great! Simply follow the steps above
              </p>
            </React.Fragment>
            <React.Fragment>
              <p>
                What if my new address is not nbn™ ready?
              </p>
              <p>
                If your new address is not nbn™ ready, unfortunately you can’t connect with Australia Broadband at your new address. Australia Broadband only provides internet services on the nbn™ and does not provide ADSL services. If you are an existing customer, all you need to do is email us at customercare@australiabroadband.net.au and let us know you are moving to an address not supported by the nbn™ and the date you would like us to disconnected your Australia Broadband nbn™ service from your old address. With Australia Broadband, there are no lock-in contracts and no early termination fees, so you can disconnect your nbn™ service at any time by giving us 1 months notice.
              </p>
            </React.Fragment>
          </section>
        </AnimateHeight>,
      ],
      "className": "dropdown",
    },
    "ref": null,
    "rendered": Array [
      Object {
        "instance": null,
        "key": undefined,
        "nodeType": "host",
        "props": Object {
          "children": Array [
            <p
              className="dropdown__button__main-question"
            >
              How do I move my Australia Broadband service with me?
            </p>,
            <div
              className="dropdown__button__circle"
            >
              <Arrow
                rotate={true}
              />
            </div>,
          ],
          "className": "dropdown__button",
          "onClick": [Function],
        },
        "ref": null,
        "rendered": Array [
          Object {
            "instance": null,
            "key": undefined,
            "nodeType": "host",
            "props": Object {
              "children": "How do I move my Australia Broadband service with me?",
              "className": "dropdown__button__main-question",
            },
            "ref": null,
            "rendered": "How do I move my Australia Broadband service with me?",
            "type": "p",
          },
          Object {
            "instance": null,
            "key": undefined,
            "nodeType": "host",
            "props": Object {
              "children": <Arrow
                rotate={true}
              />,
              "className": "dropdown__button__circle",
            },
            "ref": null,
            "rendered": Object {
              "instance": null,
              "key": undefined,
              "nodeType": "class",
              "props": Object {
                "rotate": true,
              },
              "ref": null,
              "rendered": null,
              "type": [Function],
            },
            "type": "div",
          },
        ],
        "type": "div",
      },
      Object {
        "instance": null,
        "key": undefined,
        "nodeType": "class",
        "props": Object {
          "animateOpacity": false,
          "animationStateClasses": Object {
            "animating": "rah-animating",
            "animatingDown": "rah-animating--down",
            "animatingToHeightAuto": "rah-animating--to-height-auto",
            "animatingToHeightSpecific": "rah-animating--to-height-specific",
            "animatingToHeightZero": "rah-animating--to-height-zero",
            "animatingUp": "rah-animating--up",
            "static": "rah-static",
            "staticHeightAuto": "rah-static--height-auto",
            "staticHeightSpecific": "rah-static--height-specific",
            "staticHeightZero": "rah-static--height-zero",
          },
          "applyInlineTransitions": true,
          "children": <section
            className="dropdown__content"
          >
            <p>
              You’re moving; no worries! The first step is to check your address on our address checker and find out if your address is nbn™ ready.
            </p>
            <React.Fragment>
              <p>
                My new address is nbn™ ready. What do I do?
              </p>
              <p>
                That’s great! Simply follow the steps above
              </p>
            </React.Fragment>
            <React.Fragment>
              <p>
                What if my new address is not nbn™ ready?
              </p>
              <p>
                If your new address is not nbn™ ready, unfortunately you can’t connect with Australia Broadband at your new address. Australia Broadband only provides internet services on the nbn™ and does not provide ADSL services. If you are an existing customer, all you need to do is email us at customercare@australiabroadband.net.au and let us know you are moving to an address not supported by the nbn™ and the date you would like us to disconnected your Australia Broadband nbn™ service from your old address. With Australia Broadband, there are no lock-in contracts and no early termination fees, so you can disconnect your nbn™ service at any time by giving us 1 months notice.
              </p>
            </React.Fragment>
          </section>,
          "delay": 0,
          "duration": 500,
          "easing": "ease",
          "height": "auto",
          "style": Object {},
        },
        "ref": null,
        "rendered": Object {
          "instance": null,
          "key": undefined,
          "nodeType": "host",
          "props": Object {
            "children": Array [
              <p>
                You’re moving; no worries! The first step is to check your address on our address checker and find out if your address is nbn™ ready.
              </p>,
              Array [
                <React.Fragment>
                  <p>
                    My new address is nbn™ ready. What do I do?
                  </p>
                  <p>
                    That’s great! Simply follow the steps above
                  </p>
                </React.Fragment>,
                <React.Fragment>
                  <p>
                    What if my new address is not nbn™ ready?
                  </p>
                  <p>
                    If your new address is not nbn™ ready, unfortunately you can’t connect with Australia Broadband at your new address. Australia Broadband only provides internet services on the nbn™ and does not provide ADSL services. If you are an existing customer, all you need to do is email us at customercare@australiabroadband.net.au and let us know you are moving to an address not supported by the nbn™ and the date you would like us to disconnected your Australia Broadband nbn™ service from your old address. With Australia Broadband, there are no lock-in contracts and no early termination fees, so you can disconnect your nbn™ service at any time by giving us 1 months notice.
                  </p>
                </React.Fragment>,
              ],
            ],
            "className": "dropdown__content",
          },
          "ref": null,
          "rendered": Array [
            Object {
              "instance": null,
              "key": undefined,
              "nodeType": "host",
              "props": Object {
                "children": "You’re moving; no worries! The first step is to check your address on our address checker and find out if your address is nbn™ ready.",
              },
              "ref": null,
              "rendered": "You’re moving; no worries! The first step is to check your address on our address checker and find out if your address is nbn™ ready.",
              "type": "p",
            },
            Object {
              "instance": null,
              "key": "0",
              "nodeType": "function",
              "props": Object {
                "children": Array [
                  <p>
                    My new address is nbn™ ready. What do I do?
                  </p>,
                  <p>
                    That’s great! Simply follow the steps above
                  </p>,
                ],
              },
              "ref": null,
              "rendered": Array [
                Object {
                  "instance": null,
                  "key": undefined,
                  "nodeType": "host",
                  "props": Object {
                    "children": "My new address is nbn™ ready. What do I do?",
                  },
                  "ref": null,
                  "rendered": "My new address is nbn™ ready. What do I do?",
                  "type": "p",
                },
                Object {
                  "instance": null,
                  "key": undefined,
                  "nodeType": "host",
                  "props": Object {
                    "children": "That’s great! Simply follow the steps above",
                  },
                  "ref": null,
                  "rendered": "That’s great! Simply follow the steps above",
                  "type": "p",
                },
              ],
              "type": Symbol(react.fragment),
            },
            Object {
              "instance": null,
              "key": "1",
              "nodeType": "function",
              "props": Object {
                "children": Array [
                  <p>
                    What if my new address is not nbn™ ready?
                  </p>,
                  <p>
                    If your new address is not nbn™ ready, unfortunately you can’t connect with Australia Broadband at your new address. Australia Broadband only provides internet services on the nbn™ and does not provide ADSL services. If you are an existing customer, all you need to do is email us at customercare@australiabroadband.net.au and let us know you are moving to an address not supported by the nbn™ and the date you would like us to disconnected your Australia Broadband nbn™ service from your old address. With Australia Broadband, there are no lock-in contracts and no early termination fees, so you can disconnect your nbn™ service at any time by giving us 1 months notice.
                  </p>,
                ],
              },
              "ref": null,
              "rendered": Array [
                Object {
                  "instance": null,
                  "key": undefined,
                  "nodeType": "host",
                  "props": Object {
                    "children": "What if my new address is not nbn™ ready?",
                  },
                  "ref": null,
                  "rendered": "What if my new address is not nbn™ ready?",
                  "type": "p",
                },
                Object {
                  "instance": null,
                  "key": undefined,
                  "nodeType": "host",
                  "props": Object {
                    "children": "If your new address is not nbn™ ready, unfortunately you can’t connect with Australia Broadband at your new address. Australia Broadband only provides internet services on the nbn™ and does not provide ADSL services. If you are an existing customer, all you need to do is email us at customercare@australiabroadband.net.au and let us know you are moving to an address not supported by the nbn™ and the date you would like us to disconnected your Australia Broadband nbn™ service from your old address. With Australia Broadband, there are no lock-in contracts and no early termination fees, so you can disconnect your nbn™ service at any time by giving us 1 months notice.",
                  },
                  "ref": null,
                  "rendered": "If your new address is not nbn™ ready, unfortunately you can’t connect with Australia Broadband at your new address. Australia Broadband only provides internet services on the nbn™ and does not provide ADSL services. If you are an existing customer, all you need to do is email us at customercare@australiabroadband.net.au and let us know you are moving to an address not supported by the nbn™ and the date you would like us to disconnected your Australia Broadband nbn™ service from your old address. With Australia Broadband, there are no lock-in contracts and no early termination fees, so you can disconnect your nbn™ service at any time by giving us 1 months notice.",
                  "type": "p",
                },
              ],
              "type": Symbol(react.fragment),
            },
          ],
          "type": "section",
        },
        "type": [Function],
      },
    ],
    "type": "div",
  },
  Symbol(enzyme.__nodes__): Array [
    Object {
      "instance": null,
      "key": undefined,
      "nodeType": "host",
      "props": Object {
        "children": Array [
          <div
            className="dropdown__button"
            onClick={[Function]}
          >
            <p
              className="dropdown__button__main-question"
            >
              How do I move my Australia Broadband service with me?
            </p>
            <div
              className="dropdown__button__circle"
            >
              <Arrow
                rotate={true}
              />
            </div>
          </div>,
          <AnimateHeight
            animateOpacity={false}
            animationStateClasses={
              Object {
                "animating": "rah-animating",
                "animatingDown": "rah-animating--down",
                "animatingToHeightAuto": "rah-animating--to-height-auto",
                "animatingToHeightSpecific": "rah-animating--to-height-specific",
                "animatingToHeightZero": "rah-animating--to-height-zero",
                "animatingUp": "rah-animating--up",
                "static": "rah-static",
                "staticHeightAuto": "rah-static--height-auto",
                "staticHeightSpecific": "rah-static--height-specific",
                "staticHeightZero": "rah-static--height-zero",
              }
            }
            applyInlineTransitions={true}
            delay={0}
            duration={500}
            easing="ease"
            height="auto"
            style={Object {}}
          >
            <section
              className="dropdown__content"
            >
              <p>
                You’re moving; no worries! The first step is to check your address on our address checker and find out if your address is nbn™ ready.
              </p>
              <React.Fragment>
                <p>
                  My new address is nbn™ ready. What do I do?
                </p>
                <p>
                  That’s great! Simply follow the steps above
                </p>
              </React.Fragment>
              <React.Fragment>
                <p>
                  What if my new address is not nbn™ ready?
                </p>
                <p>
                  If your new address is not nbn™ ready, unfortunately you can’t connect with Australia Broadband at your new address. Australia Broadband only provides internet services on the nbn™ and does not provide ADSL services. If you are an existing customer, all you need to do is email us at customercare@australiabroadband.net.au and let us know you are moving to an address not supported by the nbn™ and the date you would like us to disconnected your Australia Broadband nbn™ service from your old address. With Australia Broadband, there are no lock-in contracts and no early termination fees, so you can disconnect your nbn™ service at any time by giving us 1 months notice.
                </p>
              </React.Fragment>
            </section>
          </AnimateHeight>,
        ],
        "className": "dropdown",
      },
      "ref": null,
      "rendered": Array [
        Object {
          "instance": null,
          "key": undefined,
          "nodeType": "host",
          "props": Object {
            "children": Array [
              <p
                className="dropdown__button__main-question"
              >
                How do I move my Australia Broadband service with me?
              </p>,
              <div
                className="dropdown__button__circle"
              >
                <Arrow
                  rotate={true}
                />
              </div>,
            ],
            "className": "dropdown__button",
            "onClick": [Function],
          },
          "ref": null,
          "rendered": Array [
            Object {
              "instance": null,
              "key": undefined,
              "nodeType": "host",
              "props": Object {
                "children": "How do I move my Australia Broadband service with me?",
                "className": "dropdown__button__main-question",
              },
              "ref": null,
              "rendered": "How do I move my Australia Broadband service with me?",
              "type": "p",
            },
            Object {
              "instance": null,
              "key": undefined,
              "nodeType": "host",
              "props": Object {
                "children": <Arrow
                  rotate={true}
                />,
                "className": "dropdown__button__circle",
              },
              "ref": null,
              "rendered": Object {
                "instance": null,
                "key": undefined,
                "nodeType": "class",
                "props": Object {
                  "rotate": true,
                },
                "ref": null,
                "rendered": null,
                "type": [Function],
              },
              "type": "div",
            },
          ],
          "type": "div",
        },
        Object {
          "instance": null,
          "key": undefined,
          "nodeType": "class",
          "props": Object {
            "animateOpacity": false,
            "animationStateClasses": Object {
              "animating": "rah-animating",
              "animatingDown": "rah-animating--down",
              "animatingToHeightAuto": "rah-animating--to-height-auto",
              "animatingToHeightSpecific": "rah-animating--to-height-specific",
              "animatingToHeightZero": "rah-animating--to-height-zero",
              "animatingUp": "rah-animating--up",
              "static": "rah-static",
              "staticHeightAuto": "rah-static--height-auto",
              "staticHeightSpecific": "rah-static--height-specific",
              "staticHeightZero": "rah-static--height-zero",
            },
            "applyInlineTransitions": true,
            "children": <section
              className="dropdown__content"
            >
              <p>
                You’re moving; no worries! The first step is to check your address on our address checker and find out if your address is nbn™ ready.
              </p>
              <React.Fragment>
                <p>
                  My new address is nbn™ ready. What do I do?
                </p>
                <p>
                  That’s great! Simply follow the steps above
                </p>
              </React.Fragment>
              <React.Fragment>
                <p>
                  What if my new address is not nbn™ ready?
                </p>
                <p>
                  If your new address is not nbn™ ready, unfortunately you can’t connect with Australia Broadband at your new address. Australia Broadband only provides internet services on the nbn™ and does not provide ADSL services. If you are an existing customer, all you need to do is email us at customercare@australiabroadband.net.au and let us know you are moving to an address not supported by the nbn™ and the date you would like us to disconnected your Australia Broadband nbn™ service from your old address. With Australia Broadband, there are no lock-in contracts and no early termination fees, so you can disconnect your nbn™ service at any time by giving us 1 months notice.
                </p>
              </React.Fragment>
            </section>,
            "delay": 0,
            "duration": 500,
            "easing": "ease",
            "height": "auto",
            "style": Object {},
          },
          "ref": null,
          "rendered": Object {
            "instance": null,
            "key": undefined,
            "nodeType": "host",
            "props": Object {
              "children": Array [
                <p>
                  You’re moving; no worries! The first step is to check your address on our address checker and find out if your address is nbn™ ready.
                </p>,
                Array [
                  <React.Fragment>
                    <p>
                      My new address is nbn™ ready. What do I do?
                    </p>
                    <p>
                      That’s great! Simply follow the steps above
                    </p>
                  </React.Fragment>,
                  <React.Fragment>
                    <p>
                      What if my new address is not nbn™ ready?
                    </p>
                    <p>
                      If your new address is not nbn™ ready, unfortunately you can’t connect with Australia Broadband at your new address. Australia Broadband only provides internet services on the nbn™ and does not provide ADSL services. If you are an existing customer, all you need to do is email us at customercare@australiabroadband.net.au and let us know you are moving to an address not supported by the nbn™ and the date you would like us to disconnected your Australia Broadband nbn™ service from your old address. With Australia Broadband, there are no lock-in contracts and no early termination fees, so you can disconnect your nbn™ service at any time by giving us 1 months notice.
                    </p>
                  </React.Fragment>,
                ],
              ],
              "className": "dropdown__content",
            },
            "ref": null,
            "rendered": Array [
              Object {
                "instance": null,
                "key": undefined,
                "nodeType": "host",
                "props": Object {
                  "children": "You’re moving; no worries! The first step is to check your address on our address checker and find out if your address is nbn™ ready.",
                },
                "ref": null,
                "rendered": "You’re moving; no worries! The first step is to check your address on our address checker and find out if your address is nbn™ ready.",
                "type": "p",
              },
              Object {
                "instance": null,
                "key": "0",
                "nodeType": "function",
                "props": Object {
                  "children": Array [
                    <p>
                      My new address is nbn™ ready. What do I do?
                    </p>,
                    <p>
                      That’s great! Simply follow the steps above
                    </p>,
                  ],
                },
                "ref": null,
                "rendered": Array [
                  Object {
                    "instance": null,
                    "key": undefined,
                    "nodeType": "host",
                    "props": Object {
                      "children": "My new address is nbn™ ready. What do I do?",
                    },
                    "ref": null,
                    "rendered": "My new address is nbn™ ready. What do I do?",
                    "type": "p",
                  },
                  Object {
                    "instance": null,
                    "key": undefined,
                    "nodeType": "host",
                    "props": Object {
                      "children": "That’s great! Simply follow the steps above",
                    },
                    "ref": null,
                    "rendered": "That’s great! Simply follow the steps above",
                    "type": "p",
                  },
                ],
                "type": Symbol(react.fragment),
              },
              Object {
                "instance": null,
                "key": "1",
                "nodeType": "function",
                "props": Object {
                  "children": Array [
                    <p>
                      What if my new address is not nbn™ ready?
                    </p>,
                    <p>
                      If your new address is not nbn™ ready, unfortunately you can’t connect with Australia Broadband at your new address. Australia Broadband only provides internet services on the nbn™ and does not provide ADSL services. If you are an existing customer, all you need to do is email us at customercare@australiabroadband.net.au and let us know you are moving to an address not supported by the nbn™ and the date you would like us to disconnected your Australia Broadband nbn™ service from your old address. With Australia Broadband, there are no lock-in contracts and no early termination fees, so you can disconnect your nbn™ service at any time by giving us 1 months notice.
                    </p>,
                  ],
                },
                "ref": null,
                "rendered": Array [
                  Object {
                    "instance": null,
                    "key": undefined,
                    "nodeType": "host",
                    "props": Object {
                      "children": "What if my new address is not nbn™ ready?",
                    },
                    "ref": null,
                    "rendered": "What if my new address is not nbn™ ready?",
                    "type": "p",
                  },
                  Object {
                    "instance": null,
                    "key": undefined,
                    "nodeType": "host",
                    "props": Object {
                      "children": "If your new address is not nbn™ ready, unfortunately you can’t connect with Australia Broadband at your new address. Australia Broadband only provides internet services on the nbn™ and does not provide ADSL services. If you are an existing customer, all you need to do is email us at customercare@australiabroadband.net.au and let us know you are moving to an address not supported by the nbn™ and the date you would like us to disconnected your Australia Broadband nbn™ service from your old address. With Australia Broadband, there are no lock-in contracts and no early termination fees, so you can disconnect your nbn™ service at any time by giving us 1 months notice.",
                    },
                    "ref": null,
                    "rendered": "If your new address is not nbn™ ready, unfortunately you can’t connect with Australia Broadband at your new address. Australia Broadband only provides internet services on the nbn™ and does not provide ADSL services. If you are an existing customer, all you need to do is email us at customercare@australiabroadband.net.au and let us know you are moving to an address not supported by the nbn™ and the date you would like us to disconnected your Australia Broadband nbn™ service from your old address. With Australia Broadband, there are no lock-in contracts and no early termination fees, so you can disconnect your nbn™ service at any time by giving us 1 months notice.",
                    "type": "p",
                  },
                ],
                "type": Symbol(react.fragment),
              },
            ],
            "type": "section",
          },
          "type": [Function],
        },
      ],
      "type": "div",
    },
  ],
  Symbol(enzyme.__options__): Object {
    "adapter": ReactSixteenAdapter {
      "options": Object {
        "enableComponentDidUpdateOnSetState": true,
        "legacyContextMode": "parent",
        "lifecycles": Object {
          "componentDidUpdate": Object {
            "onSetState": true,
          },
          "getChildContext": Object {
            "calledByRenderer": false,
          },
          "getDerivedStateFromProps": true,
          "getSnapshotBeforeUpdate": true,
          "setState": Object {
            "skipsComponentDidUpdateOnNullish": true,
          },
        },
      },
    },
  },
}
`;
